// Vitest Snapshot v1, https://vitest.dev/guide/snapshot.html

exports[`conf 1`] = `
{
  "database": {
    "debug": false,
    "dsn": undefined,
  },
  "minio": {
    "accessKey": "",
    "bucket": undefined,
    "endpoint": "minio",
    "port": 9000,
    "secretKey": "",
    "useSsl": false,
  },
  "nats": {
    "debug": false,
    "name": undefined,
    "password": undefined,
    "servers": [],
    "tls": null,
    "username": undefined,
  },
  "redis": {
    "db": 0,
    "dsn": undefined,
    "host": "127.0.0.1",
    "password": undefined,
    "port": 6379,
    "username": undefined,
  },
  "server": {
    "origin": undefined,
    "port": 3000,
    "prefix": undefined,
    "url": undefined,
  },
}
`;
